// Jest Snapshot v1, https://goo.gl/fbAQLP

exports[`Counter Testing render snapshot 1`] = `
<App2>
  <div
    className="App"
  >
    <Counter>
      <div>
        <h1>
          This is counter app
        </h1>
        <div
          id="counter-value"
        >
          0
        </div>
        <button
          id="increment-btn"
          onClick={[Function]}
        >
          Increment
        </button>
        <button
          id="decrement-btn"
          onClick={[Function]}
        >
          Decrement
        </button>
      </div>
    </Counter>
  </div>
</App2>
`;
